
> minui-demo-angular@0.0.0 test
> ng test

❯ Building...
✔ Building...
Application bundle generation failed. [3.187 seconds] - 2025-11-15T03:32:31.671Z

[31m✘ [41;31m[[41;97mERROR[41;31m][0m [1mTS2304: Cannot find name 'getProtected'.[0m [1m[35m[plugin angular-compiler][0m

    src/app/app.spec.ts:96:13:
[37m      96 │       expect([32mgetProtected[37m(component, 'isStreaming')())).toBe(true);
         ╵              [32m~~~~~~~~~~~~[0m


[31m✘ [41;31m[[41;97mERROR[41;31m][0m [1mTS1005: ';' expected.[0m [1m[35m[plugin angular-compiler][0m

    src/app/app.spec.ts:96:54:
[37m      96 │       expect(getProtected(component, 'isStreaming')())[32m)[37m.toBe(true);
         ╵                                                       [32m^[0m


[31m✘ [41;31m[[41;97mERROR[41;31m][0m [1mTS2339: Property 'toBe' does not exist on type 'void'.[0m [1m[35m[plugin angular-compiler][0m

    src/app/app.spec.ts:96:56:
[37m      96 │       expect(getProtected(component, 'isStreaming')())).[32mtoBe[37m(true);
         ╵                                                         [32m~~~~[0m


[31m✘ [41;31m[[41;97mERROR[41;31m][0m [1mTS2304: Cannot find name 'getProtected'.[0m [1m[35m[plugin angular-compiler][0m

    src/app/app.spec.ts:105:13:
[37m      105 │       expect([32mgetProtected[37m(component, 'htmlContent')())).not.toBe(...
          ╵              [32m~~~~~~~~~~~~[0m


[31m✘ [41;31m[[41;97mERROR[41;31m][0m [1mTS1005: ';' expected.[0m [1m[35m[plugin angular-compiler][0m

    src/app/app.spec.ts:105:54:
[37m      105 │ ...ected(component, 'htmlContent')())[32m)[37m.not.toBe('previous content');
          ╵                                      [32m^[0m


[31m✘ [41;31m[[41;97mERROR[41;31m][0m [1mTS2339: Property 'not' does not exist on type 'void'.[0m [1m[35m[plugin angular-compiler][0m

    src/app/app.spec.ts:105:56:
[37m      105 │ ...ected(component, 'htmlContent')())).[32mnot[37m.toBe('previous content');
          ╵                                        [32m~~~[0m


[31m✘ [41;31m[[41;97mERROR[41;31m][0m [1mTS2304: Cannot find name 'component'.[0m [1m[35m[plugin angular-compiler][0m

    src/app/app.spec.ts:109:6:
[37m      109 │       [32mcomponent[37m.patchCount.set(100);
          ╵       [32m~~~~~~~~~[0m


[31m✘ [41;31m[[41;97mERROR[41;31m][0m [1mTS2552: Cannot find name 'streamingService'. Did you mean 'StreamingService'?[0m [1m[35m[plugin angular-compiler][0m

    src/app/app.spec.ts:110:6:
[37m      110 │       [32mstreamingService[37m.startStreaming.and.returnValue(of({ html: ...
          ╵       [32m~~~~~~~~~~~~~~~~[0m


[31m✘ [41;31m[[41;97mERROR[41;31m][0m [1mTS2304: Cannot find name 'component'.[0m [1m[35m[plugin angular-compiler][0m

    src/app/app.spec.ts:112:6:
[37m      112 │       [32mcomponent[37m.startStreaming();
          ╵       [32m~~~~~~~~~[0m


[31m✘ [41;31m[[41;97mERROR[41;31m][0m [1mTS2304: Cannot find name 'getProtected'.[0m [1m[35m[plugin angular-compiler][0m

    src/app/app.spec.ts:114:13:
[37m      114 │       expect([32mgetProtected[37m(component, 'patchCount')())).toBe(0);
          ╵              [32m~~~~~~~~~~~~[0m


[31m✘ [41;31m[[41;97mERROR[41;31m][0m [1mTS2304: Cannot find name 'component'.[0m [1m[35m[plugin angular-compiler][0m

    src/app/app.spec.ts:114:26:
[37m      114 │       expect(getProtected([32mcomponent[37m, 'patchCount')())).toBe(0);
          ╵                           [32m~~~~~~~~~[0m


[31m✘ [41;31m[[41;97mERROR[41;31m][0m [1mTS1005: ';' expected.[0m [1m[35m[plugin angular-compiler][0m

    src/app/app.spec.ts:114:53:
[37m      114 │       expect(getProtected(component, 'patchCount')())[32m)[37m.toBe(0);
          ╵                                                      [32m^[0m


[31m✘ [41;31m[[41;97mERROR[41;31m][0m [1mTS2339: Property 'toBe' does not exist on type 'void'.[0m [1m[35m[plugin angular-compiler][0m

    src/app/app.spec.ts:114:55:
[37m      114 │       expect(getProtected(component, 'patchCount')())).[32mtoBe[37m(0);
          ╵                                                        [32m~~~~[0m


[31m✘ [41;31m[[41;97mERROR[41;31m][0m [1mTS1128: Declaration or statement expected.[0m [1m[35m[plugin angular-compiler][0m

    src/app/app.spec.ts:115:4:
[37m      115 │     [32m}[37m);
          ╵     [32m^[0m


[31m✘ [41;31m[[41;97mERROR[41;31m][0m [1mTS1128: Declaration or statement expected.[0m [1m[35m[plugin angular-compiler][0m

    src/app/app.spec.ts:115:5:
[37m      115 │     }[32m)[37m;
          ╵      [32m^[0m


[31m✘ [41;31m[[41;97mERROR[41;31m][0m [1mTS2552: Cannot find name 'streamingService'. Did you mean 'StreamingService'?[0m [1m[35m[plugin angular-compiler][0m

    src/app/app.spec.ts:118:6:
[37m      118 │       [32mstreamingService[37m.startStreaming.and.returnValue(of({ html: ...
          ╵       [32m~~~~~~~~~~~~~~~~[0m


[31m✘ [41;31m[[41;97mERROR[41;31m][0m [1mTS2304: Cannot find name 'component'.[0m [1m[35m[plugin angular-compiler][0m

    src/app/app.spec.ts:120:6:
[37m      120 │       [32mcomponent[37m.startStreaming();
          ╵       [32m~~~~~~~~~[0m


[31m✘ [41;31m[[41;97mERROR[41;31m][0m [1mTS2304: Cannot find name 'streamingService'.[0m [1m[35m[plugin angular-compiler][0m

    src/app/app.spec.ts:122:13:
[37m      122 │       expect([32mstreamingService[37m.startStreaming).toHaveBeenCalledWit...
          ╵              [32m~~~~~~~~~~~~~~~~[0m


[31m✘ [41;31m[[41;97mERROR[41;31m][0m [1mTS2304: Cannot find name 'streamingService'.[0m [1m[35m[plugin angular-compiler][0m

    src/app/app.spec.ts:126:6:
[37m      126 │       [32mstreamingService[37m.startStreaming.and.returnValue(
          ╵       [32m~~~~~~~~~~~~~~~~[0m


[31m✘ [41;31m[[41;97mERROR[41;31m][0m [1mTS2304: Cannot find name 'component'.[0m [1m[35m[plugin angular-compiler][0m

    src/app/app.spec.ts:130:6:
[37m      130 │       [32mcomponent[37m.startStreaming();
          ╵       [32m~~~~~~~~~[0m


[31m✘ [41;31m[[41;97mERROR[41;31m][0m [1mTS2304: Cannot find name 'getProtected'.[0m [1m[35m[plugin angular-compiler][0m

    src/app/app.spec.ts:133:13:
[37m      133 │       expect([32mgetProtected[37m(component, 'htmlContent')())).toBeTruth...
          ╵              [32m~~~~~~~~~~~~[0m


[31m✘ [41;31m[[41;97mERROR[41;31m][0m [1mTS2304: Cannot find name 'component'.[0m [1m[35m[plugin angular-compiler][0m

    src/app/app.spec.ts:133:26:
[37m      133 │       expect(getProtected([32mcomponent[37m, 'htmlContent')())).toBeTruth...
          ╵                           [32m~~~~~~~~~[0m


[31m✘ [41;31m[[41;97mERROR[41;31m][0m [1mTS1005: ';' expected.[0m [1m[35m[plugin angular-compiler][0m

    src/app/app.spec.ts:133:54:
[37m      133 │ ...  expect(getProtected(component, 'htmlContent')())[32m)[37m.toBeTruthy();
          ╵                                                      [32m^[0m


[31m✘ [41;31m[[41;97mERROR[41;31m][0m [1mTS2339: Property 'toBeTruthy' does not exist on type '(...args: any[]) => any'.[0m [1m[35m[plugin angular-compiler][0m

    src/app/app.spec.ts:133:56:
[37m      133 │ ...  expect(getProtected(component, 'htmlContent')())).[32mtoBeTruthy[37m();
          ╵                                                        [32m~~~~~~~~~~[0m


[31m✘ [41;31m[[41;97mERROR[41;31m][0m [1mTS1005: ')' expected.[0m [1m[35m[plugin angular-compiler][0m

    src/app/app.spec.ts:133:68:
[37m      133 │ ...  expect(getProtected(component, 'htmlContent')())).toBeTruthy()[32m;[37m
          ╵                                                                    [32m^[0m


[31m✘ [41;31m[[41;97mERROR[41;31m][0m [1mTS1128: Declaration or statement expected.[0m [1m[35m[plugin angular-compiler][0m

    src/app/app.spec.ts:134:4:
[37m      134 │     [32m}[37m));
          ╵     [32m^[0m


[31m✘ [41;31m[[41;97mERROR[41;31m][0m [1mTS1128: Declaration or statement expected.[0m [1m[35m[plugin angular-compiler][0m

    src/app/app.spec.ts:134:5:
[37m      134 │     }[32m)[37m);
          ╵      [32m^[0m


[31m✘ [41;31m[[41;97mERROR[41;31m][0m [1mTS1128: Declaration or statement expected.[0m [1m[35m[plugin angular-compiler][0m

    src/app/app.spec.ts:134:6:
[37m      134 │     })[32m)[37m;
          ╵       [32m^[0m


[31m✘ [41;31m[[41;97mERROR[41;31m][0m [1mTS2304: Cannot find name 'streamingService'.[0m [1m[35m[plugin angular-compiler][0m

    src/app/app.spec.ts:137:6:
[37m      137 │       [32mstreamingService[37m.startStreaming.and.returnValue(
          ╵       [32m~~~~~~~~~~~~~~~~[0m


[31m✘ [41;31m[[41;97mERROR[41;31m][0m [1mTS2304: Cannot find name 'component'.[0m [1m[35m[plugin angular-compiler][0m

    src/app/app.spec.ts:141:6:
[37m      141 │       [32mcomponent[37m.startStreaming();
          ╵       [32m~~~~~~~~~[0m


[31m✘ [41;31m[[41;97mERROR[41;31m][0m [1mTS2304: Cannot find name 'getProtected'.[0m [1m[35m[plugin angular-compiler][0m

    src/app/app.spec.ts:144:13:
[37m      144 │       expect([32mgetProtected[37m(component, 'patchCount')())).toBe(5);
          ╵              [32m~~~~~~~~~~~~[0m


[31m✘ [41;31m[[41;97mERROR[41;31m][0m [1mTS2304: Cannot find name 'component'.[0m [1m[35m[plugin angular-compiler][0m

    src/app/app.spec.ts:144:26:
[37m      144 │       expect(getProtected([32mcomponent[37m, 'patchCount')())).toBe(5);
          ╵                           [32m~~~~~~~~~[0m


[31m✘ [41;31m[[41;97mERROR[41;31m][0m [1mTS1005: ';' expected.[0m [1m[35m[plugin angular-compiler][0m

    src/app/app.spec.ts:144:53:
[37m      144 │       expect(getProtected(component, 'patchCount')())[32m)[37m.toBe(5);
          ╵                                                      [32m^[0m


[31m✘ [41;31m[[41;97mERROR[41;31m][0m [1mTS2339: Property 'toBe' does not exist on type '(...args: any[]) => any'.[0m [1m[35m[plugin angular-compiler][0m

    src/app/app.spec.ts:144:55:
[37m      144 │       expect(getProtected(component, 'patchCount')())).[32mtoBe[37m(5);
          ╵                                                        [32m~~~~[0m


[31m✘ [41;31m[[41;97mERROR[41;31m][0m [1mTS1005: ')' expected.[0m [1m[35m[plugin angular-compiler][0m

    src/app/app.spec.ts:144:62:
[37m      144 │       expect(getProtected(component, 'patchCount')())).toBe(5)[32m;[37m
          ╵                                                               [32m^[0m


[31m✘ [41;31m[[41;97mERROR[41;31m][0m [1mTS1128: Declaration or statement expected.[0m [1m[35m[plugin angular-compiler][0m

    src/app/app.spec.ts:145:4:
[37m      145 │     [32m}[37m));
          ╵     [32m^[0m


[31m✘ [41;31m[[41;97mERROR[41;31m][0m [1mTS1128: Declaration or statement expected.[0m [1m[35m[plugin angular-compiler][0m

    src/app/app.spec.ts:145:5:
[37m      145 │     }[32m)[37m);
          ╵      [32m^[0m


[31m✘ [41;31m[[41;97mERROR[41;31m][0m [1mTS1128: Declaration or statement expected.[0m [1m[35m[plugin angular-compiler][0m

    src/app/app.spec.ts:145:6:
[37m      145 │     })[32m)[37m;
          ╵       [32m^[0m


[31m✘ [41;31m[[41;97mERROR[41;31m][0m [1mTS2304: Cannot find name 'streamingService'.[0m [1m[35m[plugin angular-compiler][0m

    src/app/app.spec.ts:149:6:
[37m      149 │       [32mstreamingService[37m.startStreaming.and.returnValue(
          ╵       [32m~~~~~~~~~~~~~~~~[0m


[31m✘ [41;31m[[41;97mERROR[41;31m][0m [1mTS2304: Cannot find name 'component'.[0m [1m[35m[plugin angular-compiler][0m

    src/app/app.spec.ts:156:6:
[37m      156 │       [32mcomponent[37m.startStreaming();
          ╵       [32m~~~~~~~~~[0m


[31m✘ [41;31m[[41;97mERROR[41;31m][0m [1mTS2304: Cannot find name 'getProtected'.[0m [1m[35m[plugin angular-compiler][0m

    src/app/app.spec.ts:159:22:
[37m      159 │       const content = [32mgetProtected[37m(component, 'htmlContent')());
          ╵                       [32m~~~~~~~~~~~~[0m


[31m✘ [41;31m[[41;97mERROR[41;31m][0m [1mTS2304: Cannot find name 'component'.[0m [1m[35m[plugin angular-compiler][0m

    src/app/app.spec.ts:159:35:
[37m      159 │       const content = getProtected([32mcomponent[37m, 'htmlContent')());
          ╵                                    [32m~~~~~~~~~[0m


[31m✘ [41;31m[[41;97mERROR[41;31m][0m [1mTS1005: ',' expected.[0m [1m[35m[plugin angular-compiler][0m

    src/app/app.spec.ts:159:62:
[37m      159 │       const content = getProtected(component, 'htmlContent')()[32m)[37m;
          ╵                                                               [32m^[0m


[31m✘ [41;31m[[41;97mERROR[41;31m][0m [1mTS1005: ')' expected.[0m [1m[35m[plugin angular-compiler][0m

    src/app/app.spec.ts:159:63:
[37m      159 │       const content = getProtected(component, 'htmlContent')())[32m;[37m
          ╵                                                                [32m^[0m


[31m✘ [41;31m[[41;97mERROR[41;31m][0m [1mTS2304: Cannot find name 'content'.[0m [1m[35m[plugin angular-compiler][0m

    src/app/app.spec.ts:161:13:
[37m      161 │       expect([32mcontent[37m).toBeTruthy();
          ╵              [32m~~~~~~~[0m


[31m✘ [41;31m[[41;97mERROR[41;31m][0m [1mTS1128: Declaration or statement expected.[0m [1m[35m[plugin angular-compiler][0m

    src/app/app.spec.ts:162:4:
[37m      162 │     [32m}[37m));
          ╵     [32m^[0m


[31m✘ [41;31m[[41;97mERROR[41;31m][0m [1mTS1128: Declaration or statement expected.[0m [1m[35m[plugin angular-compiler][0m

    src/app/app.spec.ts:162:5:
[37m      162 │     }[32m)[37m);
          ╵      [32m^[0m


[31m✘ [41;31m[[41;97mERROR[41;31m][0m [1mTS1128: Declaration or statement expected.[0m [1m[35m[plugin angular-compiler][0m

    src/app/app.spec.ts:162:6:
[37m      162 │     })[32m)[37m;
          ╵       [32m^[0m


[31m✘ [41;31m[[41;97mERROR[41;31m][0m [1mTS2304: Cannot find name 'component'.[0m [1m[35m[plugin angular-compiler][0m

    src/app/app.spec.ts:165:6:
[37m      165 │       [32mcomponent[37m.isStreaming.set(true);
          ╵       [32m~~~~~~~~~[0m


[31m✘ [41;31m[[41;97mERROR[41;31m][0m [1mTS2552: Cannot find name 'streamingService'. Did you mean 'StreamingService'?[0m [1m[35m[plugin angular-compiler][0m

    src/app/app.spec.ts:166:6:
[37m      166 │       [32mstreamingService[37m.startStreaming.and.returnValue(of({ html: ...
          ╵       [32m~~~~~~~~~~~~~~~~[0m


[31m✘ [41;31m[[41;97mERROR[41;31m][0m [1mTS2304: Cannot find name 'component'.[0m [1m[35m[plugin angular-compiler][0m

    src/app/app.spec.ts:168:6:
[37m      168 │       [32mcomponent[37m.startStreaming();
          ╵       [32m~~~~~~~~~[0m


[31m✘ [41;31m[[41;97mERROR[41;31m][0m [1mTS2304: Cannot find name 'streamingService'.[0m [1m[35m[plugin angular-compiler][0m

    src/app/app.spec.ts:170:13:
[37m      170 │       expect([32mstreamingService[37m.startStreaming).not.toHaveBeenCalle...
          ╵              [32m~~~~~~~~~~~~~~~~[0m


[31m✘ [41;31m[[41;97mERROR[41;31m][0m [1mTS2304: Cannot find name 'streamingService'.[0m [1m[35m[plugin angular-compiler][0m

    src/app/app.spec.ts:174:6:
[37m      174 │       [32mstreamingService[37m.startStreaming.and.returnValue(of({ html: ...
          ╵       [32m~~~~~~~~~~~~~~~~[0m


[31m✘ [41;31m[[41;97mERROR[41;31m][0m [1mTS2304: Cannot find name 'component'.[0m [1m[35m[plugin angular-compiler][0m

    src/app/app.spec.ts:175:12:
[37m      175 │       spyOn([32mcomponent[37m, 'stopStreaming');
          ╵             [32m~~~~~~~~~[0m


[31m✘ [41;31m[[41;97mERROR[41;31m][0m [1mTS2304: Cannot find name 'component'.[0m [1m[35m[plugin angular-compiler][0m

    src/app/app.spec.ts:177:6:
[37m      177 │       [32mcomponent[37m.startStreaming();
          ╵       [32m~~~~~~~~~[0m


[31m✘ [41;31m[[41;97mERROR[41;31m][0m [1mTS2304: Cannot find name 'component'.[0m [1m[35m[plugin angular-compiler][0m

    src/app/app.spec.ts:180:13:
[37m      180 │       expect([32mcomponent[37m.stopStreaming).toHaveBeenCalled();
          ╵              [32m~~~~~~~~~[0m


[31m✘ [41;31m[[41;97mERROR[41;31m][0m [1mTS2304: Cannot find name 'streamingService'.[0m [1m[35m[plugin angular-compiler][0m

    src/app/app.spec.ts:185:6:
[37m      185 │       [32mstreamingService[37m.startStreaming.and.returnValue(of({ html: ...
          ╵       [32m~~~~~~~~~~~~~~~~[0m


[31m✘ [41;31m[[41;97mERROR[41;31m][0m [1mTS2304: Cannot find name 'component'.[0m [1m[35m[plugin angular-compiler][0m

    src/app/app.spec.ts:187:6:
[37m      187 │       [32mcomponent[37m.startStreaming();
          ╵       [32m~~~~~~~~~[0m


[31m✘ [41;31m[[41;97mERROR[41;31m][0m [1mTS2304: Cannot find name 'streamingService'.[0m [1m[35m[plugin angular-compiler][0m

    src/app/app.spec.ts:194:6:
[37m      194 │       [32mstreamingService[37m.startStreaming.and.returnValue(
          ╵       [32m~~~~~~~~~~~~~~~~[0m


[31m✘ [41;31m[[41;97mERROR[41;31m][0m [1mTS2304: Cannot find name 'component'.[0m [1m[35m[plugin angular-compiler][0m

    src/app/app.spec.ts:198:6:
[37m      198 │       [32mcomponent[37m.startStreaming();
          ╵       [32m~~~~~~~~~[0m


[31m✘ [41;31m[[41;97mERROR[41;31m][0m [1mTS1128: Declaration or statement expected.[0m [1m[35m[plugin angular-compiler][0m

    src/app/app.spec.ts:203:2:
[37m      203 │   [32m}[37m);
          ╵   [32m^[0m


[31m✘ [41;31m[[41;97mERROR[41;31m][0m [1mTS1128: Declaration or statement expected.[0m [1m[35m[plugin angular-compiler][0m

    src/app/app.spec.ts:203:3:
[37m      203 │   }[32m)[37m;
          ╵    [32m^[0m


[31m✘ [41;31m[[41;97mERROR[41;31m][0m [1mTS2304: Cannot find name 'component'.[0m [1m[35m[plugin angular-compiler][0m

    src/app/app.spec.ts:207:6:
[37m      207 │       [32mcomponent[37m.isStreaming.set(true);
          ╵       [32m~~~~~~~~~[0m


[31m✘ [41;31m[[41;97mERROR[41;31m][0m [1mTS2304: Cannot find name 'component'.[0m [1m[35m[plugin angular-compiler][0m

    src/app/app.spec.ts:209:6:
[37m      209 │       [32mcomponent[37m.stopStreaming();
          ╵       [32m~~~~~~~~~[0m


[31m✘ [41;31m[[41;97mERROR[41;31m][0m [1mTS2304: Cannot find name 'getProtected'.[0m [1m[35m[plugin angular-compiler][0m

    src/app/app.spec.ts:211:13:
[37m      211 │       expect([32mgetProtected[37m(component, 'isStreaming')())).toBe(false);
          ╵              [32m~~~~~~~~~~~~[0m


[31m✘ [41;31m[[41;97mERROR[41;31m][0m [1mTS2304: Cannot find name 'component'.[0m [1m[35m[plugin angular-compiler][0m

    src/app/app.spec.ts:211:26:
[37m      211 │       expect(getProtected([32mcomponent[37m, 'isStreaming')())).toBe(false);
          ╵                           [32m~~~~~~~~~[0m


[31m✘ [41;31m[[41;97mERROR[41;31m][0m [1mTS1005: ';' expected.[0m [1m[35m[plugin angular-compiler][0m

    src/app/app.spec.ts:211:54:
[37m      211 │       expect(getProtected(component, 'isStreaming')())[32m)[37m.toBe(false);
          ╵                                                       [32m^[0m


[31m✘ [41;31m[[41;97mERROR[41;31m][0m [1mTS2339: Property 'toBe' does not exist on type 'void'.[0m [1m[35m[plugin angular-compiler][0m

    src/app/app.spec.ts:211:56:
[37m      211 │       expect(getProtected(component, 'isStreaming')())).[32mtoBe[37m(false);
          ╵                                                         [32m~~~~[0m


[31m✘ [41;31m[[41;97mERROR[41;31m][0m [1mTS2304: Cannot find name 'component'.[0m [1m[35m[plugin angular-compiler][0m

    src/app/app.spec.ts:215:6:
[37m      215 │       [32mcomponent[37m.isStreaming.set(true);
          ╵       [32m~~~~~~~~~[0m


[31m✘ [41;31m[[41;97mERROR[41;31m][0m [1mTS2304: Cannot find name 'component'.[0m [1m[35m[plugin angular-compiler][0m

    src/app/app.spec.ts:217:6:
[37m      217 │       [32mcomponent[37m.stopStreaming();
          ╵       [32m~~~~~~~~~[0m


[31m✘ [41;31m[[41;97mERROR[41;31m][0m [1mTS2304: Cannot find name 'streamingService'.[0m [1m[35m[plugin angular-compiler][0m

    src/app/app.spec.ts:219:13:
[37m      219 │       expect([32mstreamingService[37m.stopStreaming).toHaveBeenCalled();
          ╵              [32m~~~~~~~~~~~~~~~~[0m


[31m✘ [41;31m[[41;97mERROR[41;31m][0m [1mTS2304: Cannot find name 'streamingService'.[0m [1m[35m[plugin angular-compiler][0m

    src/app/app.spec.ts:223:6:
[37m      223 │       [32mstreamingService[37m.startStreaming.and.returnValue(
          ╵       [32m~~~~~~~~~~~~~~~~[0m


[31m✘ [41;31m[[41;97mERROR[41;31m][0m [1mTS2304: Cannot find name 'component'.[0m [1m[35m[plugin angular-compiler][0m

    src/app/app.spec.ts:227:6:
[37m      227 │       [32mcomponent[37m.startStreaming();
          ╵       [32m~~~~~~~~~[0m


[31m✘ [41;31m[[41;97mERROR[41;31m][0m [1mTS2304: Cannot find name 'component'.[0m [1m[35m[plugin angular-compiler][0m

    src/app/app.spec.ts:229:6:
[37m      229 │       [32mcomponent[37m.stopStreaming();
          ╵       [32m~~~~~~~~~[0m


[31m✘ [41;31m[[41;97mERROR[41;31m][0m [1mTS2304: Cannot find name 'getProtected'.[0m [1m[35m[plugin angular-compiler][0m

    src/app/app.spec.ts:231:13:
[37m      231 │       expect([32mgetProtected[37m(component, 'isStreaming')())).toBe(false);
          ╵              [32m~~~~~~~~~~~~[0m


[31m✘ [41;31m[[41;97mERROR[41;31m][0m [1mTS2304: Cannot find name 'component'.[0m [1m[35m[plugin angular-compiler][0m

    src/app/app.spec.ts:231:26:
[37m      231 │       expect(getProtected([32mcomponent[37m, 'isStreaming')())).toBe(false);
          ╵                           [32m~~~~~~~~~[0m


[31m✘ [41;31m[[41;97mERROR[41;31m][0m [1mTS1005: ';' expected.[0m [1m[35m[plugin angular-compiler][0m

    src/app/app.spec.ts:231:54:
[37m      231 │       expect(getProtected(component, 'isStreaming')())[32m)[37m.toBe(false);
          ╵                                                       [32m^[0m


[31m✘ [41;31m[[41;97mERROR[41;31m][0m [1mTS2339: Property 'toBe' does not exist on type '(...args: any[]) => any'.[0m [1m[35m[plugin angular-compiler][0m

    src/app/app.spec.ts:231:56:
[37m      231 │       expect(getProtected(component, 'isStreaming')())).[32mtoBe[37m(false);
          ╵                                                         [32m~~~~[0m


[31m✘ [41;31m[[41;97mERROR[41;31m][0m [1mTS1005: ')' expected.[0m [1m[35m[plugin angular-compiler][0m

    src/app/app.spec.ts:231:67:
[37m      231 │       expect(getProtected(component, 'isStreaming')())).toBe(false)[32m;[37m
          ╵                                                                    [32m^[0m


[31m✘ [41;31m[[41;97mERROR[41;31m][0m [1mTS1128: Declaration or statement expected.[0m [1m[35m[plugin angular-compiler][0m

    src/app/app.spec.ts:232:4:
[37m      232 │     [32m}[37m));
          ╵     [32m^[0m


[31m✘ [41;31m[[41;97mERROR[41;31m][0m [1mTS1128: Declaration or statement expected.[0m [1m[35m[plugin angular-compiler][0m

    src/app/app.spec.ts:232:5:
[37m      232 │     }[32m)[37m);
          ╵      [32m^[0m


[31m✘ [41;31m[[41;97mERROR[41;31m][0m [1mTS1128: Declaration or statement expected.[0m [1m[35m[plugin angular-compiler][0m

    src/app/app.spec.ts:232:6:
[37m      232 │     })[32m)[37m;
          ╵       [32m^[0m


[31m✘ [41;31m[[41;97mERROR[41;31m][0m [1mTS2304: Cannot find name 'component'.[0m [1m[35m[plugin angular-compiler][0m

    src/app/app.spec.ts:235:6:
[37m      235 │       [32mcomponent[37m.isStreaming.set(false);
          ╵       [32m~~~~~~~~~[0m


[31m✘ [41;31m[[41;97mERROR[41;31m][0m [1mTS2304: Cannot find name 'component'.[0m [1m[35m[plugin angular-compiler][0m

    src/app/app.spec.ts:237:6:
[37m      237 │       [32mcomponent[37m.stopStreaming();
          ╵       [32m~~~~~~~~~[0m


[31m✘ [41;31m[[41;97mERROR[41;31m][0m [1mTS2304: Cannot find name 'streamingService'.[0m [1m[35m[plugin angular-compiler][0m

    src/app/app.spec.ts:239:13:
[37m      239 │       expect([32mstreamingService[37m.stopStreaming).not.toHaveBeenCalled();
          ╵              [32m~~~~~~~~~~~~~~~~[0m


[31m✘ [41;31m[[41;97mERROR[41;31m][0m [1mTS2304: Cannot find name 'streamingService'.[0m [1m[35m[plugin angular-compiler][0m

    src/app/app.spec.ts:243:6:
[37m      243 │       [32mstreamingService[37m.startStreaming.and.returnValue(of({ html: ...
          ╵       [32m~~~~~~~~~~~~~~~~[0m


[31m✘ [41;31m[[41;97mERROR[41;31m][0m [1mTS2304: Cannot find name 'component'.[0m [1m[35m[plugin angular-compiler][0m

    src/app/app.spec.ts:244:12:
[37m      244 │       spyOn([32mcomponent[37m, 'stopStreaming').and.callThrough();
          ╵             [32m~~~~~~~~~[0m


[31m✘ [41;31m[[41;97mERROR[41;31m][0m [1mTS2304: Cannot find name 'component'.[0m [1m[35m[plugin angular-compiler][0m

    src/app/app.spec.ts:246:6:
[37m      246 │       [32mcomponent[37m.startStreaming();
          ╵       [32m~~~~~~~~~[0m


[31m✘ [41;31m[[41;97mERROR[41;31m][0m [1mTS2304: Cannot find name 'component'.[0m [1m[35m[plugin angular-compiler][0m

    src/app/app.spec.ts:248:6:
[37m      248 │       [32mcomponent[37m.stopStreaming();
          ╵       [32m~~~~~~~~~[0m


[31m✘ [41;31m[[41;97mERROR[41;31m][0m [1mTS2304: Cannot find name 'component'.[0m [1m[35m[plugin angular-compiler][0m

    src/app/app.spec.ts:251:7:
[37m      251 │       ([32mcomponent[37m.stopStreaming as jasmine.Spy).calls.reset();
          ╵        [32m~~~~~~~~~[0m


[31m✘ [41;31m[[41;97mERROR[41;31m][0m [1mTS2304: Cannot find name 'component'.[0m [1m[35m[plugin angular-compiler][0m

    src/app/app.spec.ts:256:14:
[37m      256 │       expect(([32mcomponent[37m.stopStreaming as jasmine.Spy).calls.count...
          ╵               [32m~~~~~~~~~[0m


[31m✘ [41;31m[[41;97mERROR[41;31m][0m [1mTS2304: Cannot find name 'component'.[0m [1m[35m[plugin angular-compiler][0m

    src/app/app.spec.ts:260:6:
[37m      260 │       [32mcomponent[37m.isStreaming.set(true);
          ╵       [32m~~~~~~~~~[0m


[31m✘ [41;31m[[41;97mERROR[41;31m][0m [1mTS2304: Cannot find name 'component'.[0m [1m[35m[plugin angular-compiler][0m

    src/app/app.spec.ts:263:8:
[37m      263 │         [32mcomponent[37m.stopStreaming();
          ╵         [32m~~~~~~~~~[0m


[31m✘ [41;31m[[41;97mERROR[41;31m][0m [1mTS2304: Cannot find name 'component'.[0m [1m[35m[plugin angular-compiler][0m

    src/app/app.spec.ts:264:8:
[37m      264 │         [32mcomponent[37m.stopStreaming();
          ╵         [32m~~~~~~~~~[0m


[31m✘ [41;31m[[41;97mERROR[41;31m][0m [1mTS2304: Cannot find name 'component'.[0m [1m[35m[plugin angular-compiler][0m

    src/app/app.spec.ts:265:8:
[37m      265 │         [32mcomponent[37m.stopStreaming();
          ╵         [32m~~~~~~~~~[0m


[31m✘ [41;31m[[41;97mERROR[41;31m][0m [1mTS1128: Declaration or statement expected.[0m [1m[35m[plugin angular-compiler][0m

    src/app/app.spec.ts:268:2:
[37m      268 │   [32m}[37m);
          ╵   [32m^[0m


[31m✘ [41;31m[[41;97mERROR[41;31m][0m [1mTS1128: Declaration or statement expected.[0m [1m[35m[plugin angular-compiler][0m

    src/app/app.spec.ts:268:3:
[37m      268 │   }[32m)[37m;
          ╵    [32m^[0m


[31m✘ [41;31m[[41;97mERROR[41;31m][0m [1mTS2304: Cannot find name 'streamingService'.[0m [1m[35m[plugin angular-compiler][0m

    src/app/app.spec.ts:273:6:
[37m      273 │       [32mstreamingService[37m.startStreaming.and.returnValue(
          ╵       [32m~~~~~~~~~~~~~~~~[0m


[31m✘ [41;31m[[41;97mERROR[41;31m][0m [1mTS2304: Cannot find name 'component'.[0m [1m[35m[plugin angular-compiler][0m

    src/app/app.spec.ts:277:6:
[37m      277 │       [32mcomponent[37m.startStreaming();
          ╵       [32m~~~~~~~~~[0m


[31m✘ [41;31m[[41;97mERROR[41;31m][0m [1mTS2304: Cannot find name 'getProtected'.[0m [1m[35m[plugin angular-compiler][0m

    src/app/app.spec.ts:281:13:
[37m      281 │       expect([32mgetProtected[37m(component, 'isStreaming')())).toBe(false);
          ╵              [32m~~~~~~~~~~~~[0m


[31m✘ [41;31m[[41;97mERROR[41;31m][0m [1mTS2304: Cannot find name 'component'.[0m [1m[35m[plugin angular-compiler][0m

    src/app/app.spec.ts:281:26:
[37m      281 │       expect(getProtected([32mcomponent[37m, 'isStreaming')())).toBe(false);
          ╵                           [32m~~~~~~~~~[0m


[31m✘ [41;31m[[41;97mERROR[41;31m][0m [1mTS1005: ';' expected.[0m [1m[35m[plugin angular-compiler][0m

    src/app/app.spec.ts:281:54:
[37m      281 │       expect(getProtected(component, 'isStreaming')())[32m)[37m.toBe(false);
          ╵                                                       [32m^[0m


[31m✘ [41;31m[[41;97mERROR[41;31m][0m [1mTS2339: Property 'toBe' does not exist on type '(...args: any[]) => any'.[0m [1m[35m[plugin angular-compiler][0m

    src/app/app.spec.ts:281:56:
[37m      281 │       expect(getProtected(component, 'isStreaming')())).[32mtoBe[37m(false);
          ╵                                                         [32m~~~~[0m


[31m✘ [41;31m[[41;97mERROR[41;31m][0m [1mTS1005: ')' expected.[0m [1m[35m[plugin angular-compiler][0m

    src/app/app.spec.ts:281:67:
[37m      281 │       expect(getProtected(component, 'isStreaming')())).toBe(false)[32m;[37m
          ╵                                                                    [32m^[0m


[31m✘ [41;31m[[41;97mERROR[41;31m][0m [1mTS1005: ';' expected.[0m [1m[35m[plugin angular-compiler][0m

    src/app/app.spec.ts:282:6:
[37m      282 │     })[32m)[37m;
          ╵       [32m^[0m


[31m✘ [41;31m[[41;97mERROR[41;31m][0m [1mTS2304: Cannot find name 'streamingService'.[0m [1m[35m[plugin angular-compiler][0m

    src/app/app.spec.ts:286:6:
[37m      286 │       [32mstreamingService[37m.startStreaming.and.returnValue(
          ╵       [32m~~~~~~~~~~~~~~~~[0m


[31m✘ [41;31m[[41;97mERROR[41;31m][0m [1mTS2304: Cannot find name 'component'.[0m [1m[35m[plugin angular-compiler][0m

    src/app/app.spec.ts:290:6:
[37m      290 │       [32mcomponent[37m.startStreaming();
          ╵       [32m~~~~~~~~~[0m


[31m✘ [41;31m[[41;97mERROR[41;31m][0m [1mTS2304: Cannot find name 'streamingService'.[0m [1m[35m[plugin angular-compiler][0m

    src/app/app.spec.ts:297:6:
[37m      297 │       [32mstreamingService[37m.startStreaming.and.returnValue(
          ╵       [32m~~~~~~~~~~~~~~~~[0m


[31m✘ [41;31m[[41;97mERROR[41;31m][0m [1mTS2304: Cannot find name 'component'.[0m [1m[35m[plugin angular-compiler][0m

    src/app/app.spec.ts:301:6:
[37m      301 │       [32mcomponent[37m.startStreaming();
          ╵       [32m~~~~~~~~~[0m


[31m✘ [41;31m[[41;97mERROR[41;31m][0m [1mTS2304: Cannot find name 'getProtected'.[0m [1m[35m[plugin angular-compiler][0m

    src/app/app.spec.ts:304:13:
[37m      304 │       expect([32mgetProtected[37m(component, 'isStreaming')())).toBe(false);
          ╵              [32m~~~~~~~~~~~~[0m


[31m✘ [41;31m[[41;97mERROR[41;31m][0m [1mTS2304: Cannot find name 'component'.[0m [1m[35m[plugin angular-compiler][0m

    src/app/app.spec.ts:304:26:
[37m      304 │       expect(getProtected([32mcomponent[37m, 'isStreaming')())).toBe(false);
          ╵                           [32m~~~~~~~~~[0m


[31m✘ [41;31m[[41;97mERROR[41;31m][0m [1mTS1005: ';' expected.[0m [1m[35m[plugin angular-compiler][0m

    src/app/app.spec.ts:304:54:
[37m      304 │       expect(getProtected(component, 'isStreaming')())[32m)[37m.toBe(false);
          ╵                                                       [32m^[0m


[31m✘ [41;31m[[41;97mERROR[41;31m][0m [1mTS2339: Property 'toBe' does not exist on type '(...args: any[]) => any'.[0m [1m[35m[plugin angular-compiler][0m

    src/app/app.spec.ts:304:56:
[37m      304 │       expect(getProtected(component, 'isStreaming')())).[32mtoBe[37m(false);
          ╵                                                         [32m~~~~[0m


[31m✘ [41;31m[[41;97mERROR[41;31m][0m [1mTS1005: ')' expected.[0m [1m[35m[plugin angular-compiler][0m

    src/app/app.spec.ts:304:67:
[37m      304 │       expect(getProtected(component, 'isStreaming')())).toBe(false)[32m;[37m
          ╵                                                                    [32m^[0m


[31m✘ [41;31m[[41;97mERROR[41;31m][0m [1mTS1128: Declaration or statement expected.[0m [1m[35m[plugin angular-compiler][0m

    src/app/app.spec.ts:305:4:
[37m      305 │     [32m}[37m));
          ╵     [32m^[0m


[31m✘ [41;31m[[41;97mERROR[41;31m][0m [1mTS1128: Declaration or statement expected.[0m [1m[35m[plugin angular-compiler][0m

    src/app/app.spec.ts:305:5:
[37m      305 │     }[32m)[37m);
          ╵      [32m^[0m


[31m✘ [41;31m[[41;97mERROR[41;31m][0m [1mTS1128: Declaration or statement expected.[0m [1m[35m[plugin angular-compiler][0m

    src/app/app.spec.ts:305:6:
[37m      305 │     })[32m)[37m;
          ╵       [32m^[0m


[31m✘ [41;31m[[41;97mERROR[41;31m][0m [1mTS1128: Declaration or statement expected.[0m [1m[35m[plugin angular-compiler][0m

    src/app/app.spec.ts:306:2:
[37m      306 │   [32m}[37m);
          ╵   [32m^[0m


[31m✘ [41;31m[[41;97mERROR[41;31m][0m [1mTS1128: Declaration or statement expected.[0m [1m[35m[plugin angular-compiler][0m

    src/app/app.spec.ts:306:3:
[37m      306 │   }[32m)[37m;
          ╵    [32m^[0m


[31m✘ [41;31m[[41;97mERROR[41;31m][0m [1mTS2304: Cannot find name 'component'.[0m [1m[35m[plugin angular-compiler][0m

    src/app/app.spec.ts:310:6:
[37m      310 │       [32mcomponent[37m.isStreaming.set(true);
          ╵       [32m~~~~~~~~~[0m


[31m✘ [41;31m[[41;97mERROR[41;31m][0m [1mTS2304: Cannot find name 'component'.[0m [1m[35m[plugin angular-compiler][0m

    src/app/app.spec.ts:311:12:
[37m      311 │       spyOn([32mcomponent[37m, 'stopStreaming');
          ╵             [32m~~~~~~~~~[0m


[31m✘ [41;31m[[41;97mERROR[41;31m][0m [1mTS2304: Cannot find name 'component'.[0m [1m[35m[plugin angular-compiler][0m

    src/app/app.spec.ts:313:6:
[37m      313 │       [32mcomponent[37m.ngOnDestroy();
          ╵       [32m~~~~~~~~~[0m


[31m✘ [41;31m[[41;97mERROR[41;31m][0m [1mTS2304: Cannot find name 'component'.[0m [1m[35m[plugin angular-compiler][0m

    src/app/app.spec.ts:315:13:
[37m      315 │       expect([32mcomponent[37m.stopStreaming).toHaveBeenCalled();
          ╵              [32m~~~~~~~~~[0m


[31m✘ [41;31m[[41;97mERROR[41;31m][0m [1mTS2304: Cannot find name 'component'.[0m [1m[35m[plugin angular-compiler][0m

    src/app/app.spec.ts:319:6:
[37m      319 │       [32mcomponent[37m.isStreaming.set(false);
          ╵       [32m~~~~~~~~~[0m


[31m✘ [41;31m[[41;97mERROR[41;31m][0m [1mTS2304: Cannot find name 'component'.[0m [1m[35m[plugin angular-compiler][0m

    src/app/app.spec.ts:321:19:
[37m      321 │       expect(() => [32mcomponent[37m.ngOnDestroy()).not.toThrow();
          ╵                    [32m~~~~~~~~~[0m


[31m✘ [41;31m[[41;97mERROR[41;31m][0m [1mTS2304: Cannot find name 'streamingService'.[0m [1m[35m[plugin angular-compiler][0m

    src/app/app.spec.ts:327:6:
[37m      327 │       [32mstreamingService[37m.startStreaming.and.returnValue(
          ╵       [32m~~~~~~~~~~~~~~~~[0m


[31m✘ [41;31m[[41;97mERROR[41;31m][0m [1mTS2304: Cannot find name 'component'.[0m [1m[35m[plugin angular-compiler][0m

    src/app/app.spec.ts:331:6:
[37m      331 │       [32mcomponent[37m.startStreaming();
          ╵       [32m~~~~~~~~~[0m


[31m✘ [41;31m[[41;97mERROR[41;31m][0m [1mTS2304: Cannot find name 'getProtected'.[0m [1m[35m[plugin angular-compiler][0m

    src/app/app.spec.ts:335:13:
[37m      335 │       expect([32mgetProtected[37m(component, 'htmlContent')())).toBeTruth...
          ╵              [32m~~~~~~~~~~~~[0m


[31m✘ [41;31m[[41;97mERROR[41;31m][0m [1mTS2304: Cannot find name 'component'.[0m [1m[35m[plugin angular-compiler][0m

    src/app/app.spec.ts:335:26:
[37m      335 │       expect(getProtected([32mcomponent[37m, 'htmlContent')())).toBeTruth...
          ╵                           [32m~~~~~~~~~[0m


[31m✘ [41;31m[[41;97mERROR[41;31m][0m [1mTS1005: ';' expected.[0m [1m[35m[plugin angular-compiler][0m

    src/app/app.spec.ts:335:54:
[37m      335 │ ...  expect(getProtected(component, 'htmlContent')())[32m)[37m.toBeTruthy();
          ╵                                                      [32m^[0m


[31m✘ [41;31m[[41;97mERROR[41;31m][0m [1mTS2339: Property 'toBeTruthy' does not exist on type '(...args: any[]) => any'.[0m [1m[35m[plugin angular-compiler][0m

    src/app/app.spec.ts:335:56:
[37m      335 │ ...  expect(getProtected(component, 'htmlContent')())).[32mtoBeTruthy[37m();
          ╵                                                        [32m~~~~~~~~~~[0m


[31m✘ [41;31m[[41;97mERROR[41;31m][0m [1mTS1005: ')' expected.[0m [1m[35m[plugin angular-compiler][0m

    src/app/app.spec.ts:335:68:
[37m      335 │ ...  expect(getProtected(component, 'htmlContent')())).toBeTruthy()[32m;[37m
          ╵                                                                    [32m^[0m


[31m✘ [41;31m[[41;97mERROR[41;31m][0m [1mTS1005: ';' expected.[0m [1m[35m[plugin angular-compiler][0m

    src/app/app.spec.ts:336:6:
[37m      336 │     })[32m)[37m;
          ╵       [32m^[0m


[31m✘ [41;31m[[41;97mERROR[41;31m][0m [1mTS2304: Cannot find name 'streamingService'.[0m [1m[35m[plugin angular-compiler][0m

    src/app/app.spec.ts:339:6:
[37m      339 │       [32mstreamingService[37m.startStreaming.and.returnValue(
          ╵       [32m~~~~~~~~~~~~~~~~[0m


[31m✘ [41;31m[[41;97mERROR[41;31m][0m [1mTS2304: Cannot find name 'component'.[0m [1m[35m[plugin angular-compiler][0m

    src/app/app.spec.ts:343:6:
[37m      343 │       [32mcomponent[37m.startStreaming();
          ╵       [32m~~~~~~~~~[0m


[31m✘ [41;31m[[41;97mERROR[41;31m][0m [1mTS2304: Cannot find name 'getProtected'.[0m [1m[35m[plugin angular-compiler][0m

    src/app/app.spec.ts:346:13:
[37m      346 │       expect([32mgetProtected[37m(component, 'htmlContent')())).toBeTruth...
          ╵              [32m~~~~~~~~~~~~[0m


[31m✘ [41;31m[[41;97mERROR[41;31m][0m [1mTS2304: Cannot find name 'component'.[0m [1m[35m[plugin angular-compiler][0m

    src/app/app.spec.ts:346:26:
[37m      346 │       expect(getProtected([32mcomponent[37m, 'htmlContent')())).toBeTruth...
          ╵                           [32m~~~~~~~~~[0m


[31m✘ [41;31m[[41;97mERROR[41;31m][0m [1mTS1005: ';' expected.[0m [1m[35m[plugin angular-compiler][0m

    src/app/app.spec.ts:346:54:
[37m      346 │ ...  expect(getProtected(component, 'htmlContent')())[32m)[37m.toBeTruthy();
          ╵                                                      [32m^[0m


[31m✘ [41;31m[[41;97mERROR[41;31m][0m [1mTS2339: Property 'toBeTruthy' does not exist on type '(...args: any[]) => any'.[0m [1m[35m[plugin angular-compiler][0m

    src/app/app.spec.ts:346:56:
[37m      346 │ ...  expect(getProtected(component, 'htmlContent')())).[32mtoBeTruthy[37m();
          ╵                                                        [32m~~~~~~~~~~[0m


[31m✘ [41;31m[[41;97mERROR[41;31m][0m [1mTS1005: ')' expected.[0m [1m[35m[plugin angular-compiler][0m

    src/app/app.spec.ts:346:68:
[37m      346 │ ...  expect(getProtected(component, 'htmlContent')())).toBeTruthy()[32m;[37m
          ╵                                                                    [32m^[0m


[31m✘ [41;31m[[41;97mERROR[41;31m][0m [1mTS1128: Declaration or statement expected.[0m [1m[35m[plugin angular-compiler][0m

    src/app/app.spec.ts:347:4:
[37m      347 │     [32m}[37m));
          ╵     [32m^[0m


[31m✘ [41;31m[[41;97mERROR[41;31m][0m [1mTS1128: Declaration or statement expected.[0m [1m[35m[plugin angular-compiler][0m

    src/app/app.spec.ts:347:5:
[37m      347 │     }[32m)[37m);
          ╵      [32m^[0m


[31m✘ [41;31m[[41;97mERROR[41;31m][0m [1mTS1128: Declaration or statement expected.[0m [1m[35m[plugin angular-compiler][0m

    src/app/app.spec.ts:347:6:
[37m      347 │     })[32m)[37m;
          ╵       [32m^[0m


[31m✘ [41;31m[[41;97mERROR[41;31m][0m [1mTS1128: Declaration or statement expected.[0m [1m[35m[plugin angular-compiler][0m

    src/app/app.spec.ts:348:2:
[37m      348 │   [32m}[37m);
          ╵   [32m^[0m


[31m✘ [41;31m[[41;97mERROR[41;31m][0m [1mTS1128: Declaration or statement expected.[0m [1m[35m[plugin angular-compiler][0m

    src/app/app.spec.ts:348:3:
[37m      348 │   }[32m)[37m;
          ╵    [32m^[0m


[31m✘ [41;31m[[41;97mERROR[41;31m][0m [1mTS2304: Cannot find name 'streamingService'.[0m [1m[35m[plugin angular-compiler][0m

    src/app/app.spec.ts:352:6:
[37m      352 │       [32mstreamingService[37m.startStreaming.and.returnValue(
          ╵       [32m~~~~~~~~~~~~~~~~[0m


[31m✘ [41;31m[[41;97mERROR[41;31m][0m [1mTS2304: Cannot find name 'component'.[0m [1m[35m[plugin angular-compiler][0m

    src/app/app.spec.ts:360:6:
[37m      360 │       [32mcomponent[37m.startStreaming();
          ╵       [32m~~~~~~~~~[0m


[31m✘ [41;31m[[41;97mERROR[41;31m][0m [1mTS2304: Cannot find name 'getProtected'.[0m [1m[35m[plugin angular-compiler][0m

    src/app/app.spec.ts:361:13:
[37m      361 │       expect([32mgetProtected[37m(component, 'isStreaming')())).toBe(true);
          ╵              [32m~~~~~~~~~~~~[0m


[31m✘ [41;31m[[41;97mERROR[41;31m][0m [1mTS2304: Cannot find name 'component'.[0m [1m[35m[plugin angular-compiler][0m

    src/app/app.spec.ts:361:26:
[37m      361 │       expect(getProtected([32mcomponent[37m, 'isStreaming')())).toBe(true);
          ╵                           [32m~~~~~~~~~[0m


[31m✘ [41;31m[[41;97mERROR[41;31m][0m [1mTS1005: ';' expected.[0m [1m[35m[plugin angular-compiler][0m

    src/app/app.spec.ts:361:54:
[37m      361 │       expect(getProtected(component, 'isStreaming')())[32m)[37m.toBe(true);
          ╵                                                       [32m^[0m


[31m✘ [41;31m[[41;97mERROR[41;31m][0m [1mTS2339: Property 'toBe' does not exist on type '(...args: any[]) => any'.[0m [1m[35m[plugin angular-compiler][0m

    src/app/app.spec.ts:361:56:
[37m      361 │       expect(getProtected(component, 'isStreaming')())).[32mtoBe[37m(true);
          ╵                                                         [32m~~~~[0m


[31m✘ [41;31m[[41;97mERROR[41;31m][0m [1mTS1005: ')' expected.[0m [1m[35m[plugin angular-compiler][0m

    src/app/app.spec.ts:361:66:
[37m      361 │       expect(getProtected(component, 'isStreaming')())).toBe(true)[32m;[37m
          ╵                                                                   [32m^[0m


[31m✘ [41;31m[[41;97mERROR[41;31m][0m [1mTS2304: Cannot find name 'component'.[0m [1m[35m[plugin angular-compiler][0m

    src/app/app.spec.ts:365:6:
[37m      365 │       [32mcomponent[37m.stopStreaming();
          ╵       [32m~~~~~~~~~[0m


[31m✘ [41;31m[[41;97mERROR[41;31m][0m [1mTS2304: Cannot find name 'getProtected'.[0m [1m[35m[plugin angular-compiler][0m

    src/app/app.spec.ts:366:13:
[37m      366 │       expect([32mgetProtected[37m(component, 'isStreaming')())).toBe(false);
          ╵              [32m~~~~~~~~~~~~[0m


[31m✘ [41;31m[[41;97mERROR[41;31m][0m [1mTS2304: Cannot find name 'component'.[0m [1m[35m[plugin angular-compiler][0m

    src/app/app.spec.ts:366:26:
[37m      366 │       expect(getProtected([32mcomponent[37m, 'isStreaming')())).toBe(false);
          ╵                           [32m~~~~~~~~~[0m


[31m✘ [41;31m[[41;97mERROR[41;31m][0m [1mTS1005: ';' expected.[0m [1m[35m[plugin angular-compiler][0m

    src/app/app.spec.ts:366:54:
[37m      366 │       expect(getProtected(component, 'isStreaming')())[32m)[37m.toBe(false);
          ╵                                                       [32m^[0m


[31m✘ [41;31m[[41;97mERROR[41;31m][0m [1mTS2339: Property 'toBe' does not exist on type 'void'.[0m [1m[35m[plugin angular-compiler][0m

    src/app/app.spec.ts:366:56:
[37m      366 │       expect(getProtected(component, 'isStreaming')())).[32mtoBe[37m(false);
          ╵                                                         [32m~~~~[0m


[31m✘ [41;31m[[41;97mERROR[41;31m][0m [1mTS1128: Declaration or statement expected.[0m [1m[35m[plugin angular-compiler][0m

    src/app/app.spec.ts:367:4:
[37m      367 │     [32m}[37m));
          ╵     [32m^[0m


[31m✘ [41;31m[[41;97mERROR[41;31m][0m [1mTS1128: Declaration or statement expected.[0m [1m[35m[plugin angular-compiler][0m

    src/app/app.spec.ts:367:5:
[37m      367 │     }[32m)[37m);
          ╵      [32m^[0m


[31m✘ [41;31m[[41;97mERROR[41;31m][0m [1mTS1128: Declaration or statement expected.[0m [1m[35m[plugin angular-compiler][0m

    src/app/app.spec.ts:367:6:
[37m      367 │     })[32m)[37m;
          ╵       [32m^[0m


[31m✘ [41;31m[[41;97mERROR[41;31m][0m [1mTS2304: Cannot find name 'streamingService'.[0m [1m[35m[plugin angular-compiler][0m

    src/app/app.spec.ts:370:6:
[37m      370 │       [32mstreamingService[37m.startStreaming.and.returnValue(of({ html: ...
          ╵       [32m~~~~~~~~~~~~~~~~[0m


[31m✘ [41;31m[[41;97mERROR[41;31m][0m [1mTS2304: Cannot find name 'component'.[0m [1m[35m[plugin angular-compiler][0m

    src/app/app.spec.ts:373:8:
[37m      373 │         [32mcomponent[37m.startStreaming();
          ╵         [32m~~~~~~~~~[0m


[31m✘ [41;31m[[41;97mERROR[41;31m][0m [1mTS2304: Cannot find name 'component'.[0m [1m[35m[plugin angular-compiler][0m

    src/app/app.spec.ts:374:8:
[37m      374 │         [32mcomponent[37m.stopStreaming();
          ╵         [32m~~~~~~~~~[0m


[31m✘ [41;31m[[41;97mERROR[41;31m][0m [1mTS2304: Cannot find name 'component'.[0m [1m[35m[plugin angular-compiler][0m

    src/app/app.spec.ts:375:8:
[37m      375 │         [32mcomponent[37m.startStreaming();
          ╵         [32m~~~~~~~~~[0m


[31m✘ [41;31m[[41;97mERROR[41;31m][0m [1mTS2304: Cannot find name 'component'.[0m [1m[35m[plugin angular-compiler][0m

    src/app/app.spec.ts:376:8:
[37m      376 │         [32mcomponent[37m.stopStreaming();
          ╵         [32m~~~~~~~~~[0m


[31m✘ [41;31m[[41;97mERROR[41;31m][0m [1mTS1128: Declaration or statement expected.[0m [1m[35m[plugin angular-compiler][0m

    src/app/app.spec.ts:379:2:
[37m      379 │   [32m}[37m);
          ╵   [32m^[0m


[31m✘ [41;31m[[41;97mERROR[41;31m][0m [1mTS1128: Declaration or statement expected.[0m [1m[35m[plugin angular-compiler][0m

    src/app/app.spec.ts:379:3:
[37m      379 │   }[32m)[37m;
          ╵    [32m^[0m


[31m✘ [41;31m[[41;97mERROR[41;31m][0m [1mTS2304: Cannot find name 'streamingService'.[0m [1m[35m[plugin angular-compiler][0m

    src/app/app.spec.ts:383:6:
[37m      383 │       [32mstreamingService[37m.startStreaming.and.returnValue(
          ╵       [32m~~~~~~~~~~~~~~~~[0m


[31m✘ [41;31m[[41;97mERROR[41;31m][0m [1mTS2304: Cannot find name 'getProtected'.[0m [1m[35m[plugin angular-compiler][0m

    src/app/app.spec.ts:387:27:
[37m      387 │       const initialCount = [32mgetProtected[37m(component, 'patchCount')());
          ╵                            [32m~~~~~~~~~~~~[0m


[31m✘ [41;31m[[41;97mERROR[41;31m][0m [1mTS2304: Cannot find name 'component'.[0m [1m[35m[plugin angular-compiler][0m

    src/app/app.spec.ts:387:40:
[37m      387 │       const initialCount = getProtected([32mcomponent[37m, 'patchCount')());
          ╵                                         [32m~~~~~~~~~[0m


[31m✘ [41;31m[[41;97mERROR[41;31m][0m [1mTS1005: ',' expected.[0m [1m[35m[plugin angular-compiler][0m

    src/app/app.spec.ts:387:66:
[37m      387 │       const initialCount = getProtected(component, 'patchCount')()[32m)[37m;
          ╵                                                                   [32m^[0m


[31m✘ [41;31m[[41;97mERROR[41;31m][0m [1mTS1005: ')' expected.[0m [1m[35m[plugin angular-compiler][0m

    src/app/app.spec.ts:387:67:
[37m      387 │       const initialCount = getProtected(component, 'patchCount')())[32m;[37m
          ╵                                                                    [32m^[0m


[31m✘ [41;31m[[41;97mERROR[41;31m][0m [1mTS2304: Cannot find name 'component'.[0m [1m[35m[plugin angular-compiler][0m

    src/app/app.spec.ts:388:6:
[37m      388 │       [32mcomponent[37m.startStreaming();
          ╵       [32m~~~~~~~~~[0m


[31m✘ [41;31m[[41;97mERROR[41;31m][0m [1mTS2304: Cannot find name 'getProtected'.[0m [1m[35m[plugin angular-compiler][0m

    src/app/app.spec.ts:391:13:
[37m      391 │       expect([32mgetProtected[37m(component, 'patchCount')())).not.toBe(i...
          ╵              [32m~~~~~~~~~~~~[0m


[31m✘ [41;31m[[41;97mERROR[41;31m][0m [1mTS2304: Cannot find name 'component'.[0m [1m[35m[plugin angular-compiler][0m

    src/app/app.spec.ts:391:26:
[37m      391 │       expect(getProtected([32mcomponent[37m, 'patchCount')())).not.toBe(i...
          ╵                           [32m~~~~~~~~~[0m


[31m✘ [41;31m[[41;97mERROR[41;31m][0m [1mTS1005: ';' expected.[0m [1m[35m[plugin angular-compiler][0m

    src/app/app.spec.ts:391:53:
[37m      391 │ ...getProtected(component, 'patchCount')())[32m)[37m.not.toBe(initialCount);
          ╵                                            [32m^[0m


[31m✘ [41;31m[[41;97mERROR[41;31m][0m [1mTS2339: Property 'not' does not exist on type 'void'.[0m [1m[35m[plugin angular-compiler][0m

    src/app/app.spec.ts:391:55:
[37m      391 │ ...getProtected(component, 'patchCount')())).[32mnot[37m.toBe(initialCount);
          ╵                                              [32m~~~[0m


[31m✘ [41;31m[[41;97mERROR[41;31m][0m [1mTS2304: Cannot find name 'initialCount'.[0m [1m[35m[plugin angular-compiler][0m

    src/app/app.spec.ts:391:64:
[37m      391 │ ...getProtected(component, 'patchCount')())).not.toBe([32minitialCount[37m);
          ╵                                                       [32m~~~~~~~~~~~~[0m


[31m✘ [41;31m[[41;97mERROR[41;31m][0m [1mTS2304: Cannot find name 'getProtected'.[0m [1m[35m[plugin angular-compiler][0m

    src/app/app.spec.ts:392:13:
[37m      392 │       expect([32mgetProtected[37m(component, 'patchCount')())).toBe(7);
          ╵              [32m~~~~~~~~~~~~[0m


[31m✘ [41;31m[[41;97mERROR[41;31m][0m [1mTS2304: Cannot find name 'component'.[0m [1m[35m[plugin angular-compiler][0m

    src/app/app.spec.ts:392:26:
[37m      392 │       expect(getProtected([32mcomponent[37m, 'patchCount')())).toBe(7);
          ╵                           [32m~~~~~~~~~[0m


[31m✘ [41;31m[[41;97mERROR[41;31m][0m [1mTS1005: ';' expected.[0m [1m[35m[plugin angular-compiler][0m

    src/app/app.spec.ts:392:53:
[37m      392 │       expect(getProtected(component, 'patchCount')())[32m)[37m.toBe(7);
          ╵                                                      [32m^[0m


[31m✘ [41;31m[[41;97mERROR[41;31m][0m [1mTS1128: Declaration or statement expected.[0m [1m[35m[plugin angular-compiler][0m

    src/app/app.spec.ts:392:54:
[37m      392 │       expect(getProtected(component, 'patchCount')()))[32m.[37mtoBe(7);
          ╵                                                       [32m^[0m


[31m✘ [41;31m[[41;97mERROR[41;31m][0m [1mTS2304: Cannot find name 'toBe'.[0m [1m[35m[plugin angular-compiler][0m

    src/app/app.spec.ts:392:55:
[37m      392 │       expect(getProtected(component, 'patchCount')())).[32mtoBe[37m(7);
          ╵                                                        [32m~~~~[0m


[31m✘ [41;31m[[41;97mERROR[41;31m][0m [1mTS1128: Declaration or statement expected.[0m [1m[35m[plugin angular-compiler][0m

    src/app/app.spec.ts:393:4:
[37m      393 │     [32m}[37m));
          ╵     [32m^[0m


[31m✘ [41;31m[[41;97mERROR[41;31m][0m [1mTS1128: Declaration or statement expected.[0m [1m[35m[plugin angular-compiler][0m

    src/app/app.spec.ts:393:5:
[37m      393 │     }[32m)[37m);
          ╵      [32m^[0m


[31m✘ [41;31m[[41;97mERROR[41;31m][0m [1mTS1128: Declaration or statement expected.[0m [1m[35m[plugin angular-compiler][0m

    src/app/app.spec.ts:393:6:
[37m      393 │     })[32m)[37m;
          ╵       [32m^[0m


[31m✘ [41;31m[[41;97mERROR[41;31m][0m [1mTS2304: Cannot find name 'component'.[0m [1m[35m[plugin angular-compiler][0m

    src/app/app.spec.ts:396:26:
[37m      396 │       const titleSignal = [32mcomponent[37m.title;
          ╵                           [32m~~~~~~~~~[0m


[31m✘ [41;31m[[41;97mERROR[41;31m][0m [1mTS2304: Cannot find name 'component'.[0m [1m[35m[plugin angular-compiler][0m

    src/app/app.spec.ts:397:30:
[37m      397 │       const streamingSignal = [32mcomponent[37m.isStreaming;
          ╵                               [32m~~~~~~~~~[0m


[31m✘ [41;31m[[41;97mERROR[41;31m][0m [1mTS2304: Cannot find name 'component'.[0m [1m[35m[plugin angular-compiler][0m

    src/app/app.spec.ts:399:6:
[37m      399 │       [32mcomponent[37m.startStreaming();
          ╵       [32m~~~~~~~~~[0m


[31m✘ [41;31m[[41;97mERROR[41;31m][0m [1mTS2304: Cannot find name 'component'.[0m [1m[35m[plugin angular-compiler][0m

    src/app/app.spec.ts:401:13:
[37m      401 │       expect([32mcomponent[37m.title).toBe(titleSignal);
          ╵              [32m~~~~~~~~~[0m


[31m✘ [41;31m[[41;97mERROR[41;31m][0m [1mTS2304: Cannot find name 'component'.[0m [1m[35m[plugin angular-compiler][0m

    src/app/app.spec.ts:402:13:
[37m      402 │       expect([32mcomponent[37m.isStreaming).toBe(streamingSignal);
          ╵              [32m~~~~~~~~~[0m


[31m✘ [41;31m[[41;97mERROR[41;31m][0m [1mTS1128: Declaration or statement expected.[0m [1m[35m[plugin angular-compiler][0m

    src/app/app.spec.ts:404:2:
[37m      404 │   [32m}[37m);
          ╵   [32m^[0m


[31m✘ [41;31m[[41;97mERROR[41;31m][0m [1mTS1128: Declaration or statement expected.[0m [1m[35m[plugin angular-compiler][0m

    src/app/app.spec.ts:404:3:
[37m      404 │   }[32m)[37m;
          ╵    [32m^[0m


[31m✘ [41;31m[[41;97mERROR[41;31m][0m [1mTS1128: Declaration or statement expected.[0m [1m[35m[plugin angular-compiler][0m

    src/app/app.spec.ts:405:0:
[37m      405 │ [32m}[37m);
          ╵ [32m^[0m


[31m✘ [41;31m[[41;97mERROR[41;31m][0m [1mTS1128: Declaration or statement expected.[0m [1m[35m[plugin angular-compiler][0m

    src/app/app.spec.ts:405:1:
[37m      405 │ }[32m)[37m;
          ╵  [32m^[0m


Watch mode enabled. Watching for file changes...
